// Jest Snapshot v1, https://goo.gl/fbAQLP

exports[`<UserList /> should render correctly 1`] = `
<div>
  <h2>
    No. of Users: 
    6
     
  </h2>
  <ul>
    <li>
      Name: 
      rachel
         Age: 
      18
         Class:
       
      FY
    </li>
    <li>
      Name: 
      monica
         Age: 
      21
         Class:
       
      SY
    </li>
    <li>
      Name: 
      joey
         Age: 
      27
         Class:
       
      FY
    </li>
    <li>
      Name: 
      phoebe
         Age: 
      22
         Class:
       
      TY
    </li>
    <li>
      Name: 
      ross
         Age: 
      17
         Class:
       
      FY
    </li>
    <li>
      Name: 
      chandler
         Age: 
      28
         Class:
       
      SY
    </li>
  </ul>
</div>
`;
