// Jest Snapshot v1, https://goo.gl/fbAQLP

exports[`<UserFilter /> should render correctly 1`] = `
<div>
  <h3>
    Filter: 
  </h3>
  <div>
    <input
      defaultChecked={false}
      id="check1"
      onClick={[Function]}
      type="checkbox"
      value="FY"
    />
     
    FY
    <input
      defaultChecked={false}
      id="check2"
      onClick={[Function]}
      type="checkbox"
      value="SY"
    />
     
    SY
    <input
      defaultChecked={false}
      id="check2"
      onClick={[Function]}
      type="checkbox"
      value="TY"
    />
     
    TY
  </div>
  <div>
    <h3>
      Sort By:
    </h3>
    <input
      id="r1"
      name="options"
      onClick={[Function]}
      type="radio"
      value="Name"
    />
     
    Name
    <input
      id="r2"
      name="options"
      onClick={[Function]}
      type="radio"
      value="Age"
    />
     
    Age
    <input
      defaultChecked={true}
      id="r3"
      name="options"
      onClick={[Function]}
      type="radio"
      value="No"
    />
     
    No Sort
  </div>
</div>
`;
